#-----------------------------------------------------------
# Vivado v2017.4 (64-bit)
# SW Build 2086221 on Fri Dec 15 20:55:39 MST 2017
# IP Build 2085800 on Fri Dec 15 22:25:07 MST 2017
# Start of session at: Wed Jul  3 12:47:09 2024
# Process ID: 11520
# Current directory: C:/Users/Owner/Documents/GitHub/R76Firmware/r5560_sdk/NaI_array_spectra/V2/retarget/output/killspectra/killspectra.runs/ZynqDesign_auto_pc_1_synth_1
# Command line: vivado.exe -log ZynqDesign_auto_pc_1.vds -product Vivado -mode batch -messageDb vivado.pb -notrace -source ZynqDesign_auto_pc_1.tcl
# Log file: C:/Users/Owner/Documents/GitHub/R76Firmware/r5560_sdk/NaI_array_spectra/V2/retarget/output/killspectra/killspectra.runs/ZynqDesign_auto_pc_1_synth_1/ZynqDesign_auto_pc_1.vds
# Journal file: C:/Users/Owner/Documents/GitHub/R76Firmware/r5560_sdk/NaI_array_spectra/V2/retarget/output/killspectra/killspectra.runs/ZynqDesign_auto_pc_1_synth_1\vivado.jou
#-----------------------------------------------------------
source ZynqDesign_auto_pc_1.tcl -notrace
