#-----------------------------------------------------------
# Vivado v2017.4 (64-bit)
# SW Build 2086221 on Fri Dec 15 20:55:39 MST 2017
# IP Build 2085800 on Fri Dec 15 22:25:07 MST 2017
# Start of session at: Tue Jul  2 16:40:00 2024
# Process ID: 8924
# Current directory: C:/Users/Owner/Documents/GitHub/R76Firmware/r5560_sdk/NaI_array_spectra/V2/output/save8/save8.runs/ZynqDesign_FIRMWAREOPTIONS_0_synth_1
# Command line: vivado.exe -log ZynqDesign_FIRMWAREOPTIONS_0.vds -product Vivado -mode batch -messageDb vivado.pb -notrace -source ZynqDesign_FIRMWAREOPTIONS_0.tcl
# Log file: C:/Users/Owner/Documents/GitHub/R76Firmware/r5560_sdk/NaI_array_spectra/V2/output/save8/save8.runs/ZynqDesign_FIRMWAREOPTIONS_0_synth_1/ZynqDesign_FIRMWAREOPTIONS_0.vds
# Journal file: C:/Users/Owner/Documents/GitHub/R76Firmware/r5560_sdk/NaI_array_spectra/V2/output/save8/save8.runs/ZynqDesign_FIRMWAREOPTIONS_0_synth_1\vivado.jou
#-----------------------------------------------------------
source ZynqDesign_FIRMWAREOPTIONS_0.tcl -notrace
